((t33 (t6 (t49 (t46 (t4 (t5 (t7 t34)[213.])[228.])[270.])[325.])[359.])[497.]
)[557.] (((t11 (t47 t38)[23.])[123.] (t40 (t14 (t12 (t37 (t48 t13)[28.])[94.]
)[125.])[154.])[200.])[370.] ((t20 t18)[60.] (t30 (t19 (t41 ((t44 t43)[17.]
 ((t22 (t23 (t31 (t42 (t17 (t39 t10)[81.])[108.])[122.])[162.])[178.])[187.]
 ((t24 t21)[24.] (((t2 t1)[63.] (t16 (t15 (t45 t35)[26.])[44.])[56.])[181.]
 (t36 (t8 (t9 (t32 (t3 (t29 (t25 (t28 (t27 t26)[90.])[208.])[254.])[344.]
)[416.])[488.])[526.])[541.])[562.])[788.])[837.])[1032.])[1063.])[1081.]
)[1122.])[1177.])[1289.])[1720.])[2295.];(t37 (t12 ((t14 ((t11 (t47 t38)[23.])[123.] (t40 (t33 (t6 t49)[144.])[202.]
)[249.])[414.])[462.] ((t39 (t48 t13)[28.])[89.] (((t16 (t15 (t45 t35)[26.]
)[44.])[56.] (t21 (t24 ((t31 (t42 t17)[19.])[59.] (t23 (t22 ((t44 t43)[17.]
 (t41 (t19 (t30 (t20 t18)[60.])[147.])[191.])[212.])[253.])[260.])[270.]
)[342.])[359.])[377.])[474.] (t46 ((t4 (t5 (t7 t34)[213.])[228.])[270.] ((t32
 (t9 (t8 (t36 t10)[56.])[74.])[98.])[147.] (t3 ((t2 t1)[63.] (t27 (t29 (t28
 (t26 t25)[53.])[182.])[244.])[332.])[464.])[545.])[737.])[1039.])[1099.]
)[1609.])[1729.])[2221.])[2252.])[2296.];(t6 (t11 (t20 (t18 (t30 (t19 (t41 (((t22 (t23 (t44 t43)[17.])[37.])[45.]
 (((t24 t21)[24.] (t31 (t42 t17)[19.])[59.])[104.] ((t37 (t2 t1)[63.])[148.]
 (t15 (t16 (t45 t35)[26.])[41.])[56.])[232.])[372.])[425.] (((t14 (t40
 t12)[64.])[88.] ((t48 t13)[28.] (t39 (t47 t38)[23.])[125.])[181.])[314.]
 ((t32 ((t9 t8)[24.] (t36 t10)[56.])[98.])[149.] ((t3 (t29 (t28 (t27 (t26
 t25)[53.])[118.])[238.])[1073741823.])[1073741914.] ((t49 t46)[60.] (t4 (t33
 (t5 (t7 t34)[213.])[228.])[292.])[332.])[420.])[1073742391.])[1073742568.]
)[1073742915.])[1073743386.])[1073743397.])[1073743436.])[1073743493.]
)[1073743550.])[1073743604.])[1073743727.])[2308.];(((t44 t43)[17.] (t22 ((t23 (t24 t21)[24.])[38.] (t31 (t42 (t17 (t39
 t10)[81.])[108.])[122.])[162.])[214.])[221.])[2221.] ((t19 (t20 t18)[60.]
)[134.] (t41 (t30 (((t9 (t8 t36)[21.])[45.] (t32 (t3 ((t29 (t28 (t27 (t26
 t25)[53.])[118.])[238.])[301.] ((t2 t1)[63.] (t16 (t15 (t45 t35)[26.])[44.]
)[56.])[181.])[530.])[615.])[673.])[744.] ((t4 (t5 (t7 t34)[213.])[228.]
)[270.] ((t46 (t49 (t6 t33)[171.])[203.])[257.] ((t12 (t37 (t48 t13)[28.]
)[94.])[125.] (t14 (t40 (t11 (t47 t38)[23.])[123.])[177.])[221.])[369.]
)[683.])[977.])[1752.])[1814.])[1834.])[1985.])[2250.];((t23 (t31 (t42 t17)[19.])[59.])[2276.] (((t22 (t44 t43)[17.])[31.] ((t24
 t21)[24.] (((t2 t1)[63.] (t16 (t15 (t45 t35)[26.])[44.])[56.])[181.] (t48
 ((t39 t13)[71.] (t37 (t14 t12)[44.])[100.])[193.])[217.])[451.])[499.]
)[546.] ((t19 ((t20 t18)[60.] (t33 (t40 ((t47 t38)[23.] (t6 t11)[165.])[257.]
)[322.])[373.])[497.])[549.] (t41 (t30 (((t4 (t49 t46)[60.])[110.] (t5 (t7
 t34)[213.])[228.])[361.] ((t9 (t8 (t36 t10)[56.])[74.])[98.] (t32 (t3 (t29
 (t28 (t27 (t26 t25)[53.])[118.])[238.])[301.])[392.])[461.])[590.])[985.]
)[1050.])[1075.])[1644.])[2203.])[2279.];(t38 (t47 ((t6 t11)[165.] (t40 (t33 (t4 (((t49 t46)[60.] (t7 (t5 t34)[215.]
)[228.])[335.] (((t39 (t48 t13)[28.])[89.] (t37 (t14 t12)[44.])[100.])[213.]
 (((t24 t21)[24.] ((t44 t43)[17.] ((t23 (t31 (t42 t17)[19.])[59.])[76.] (t22
 (t41 (t19 (t30 (t20 t18)[60.])[147.])[191.])[212.])[227.])[310.])[341.]
)[378.] ((t10 (t36 (t8 (t9 t32)[61.])[73.])[94.])[147.] ((t16 (t15 (t45
 t35)[26.])[44.])[56.] ((t2 t1)[63.] (t3 (t29 (t28 (t27 (t26 t25)[53.])[118.]
)[238.])[301.])[392.])[516.])[620.])[809.])[1207.])[1461.])[1825.])[1862.]
)[1935.])[1987.])[2216.])[2265.])[2282.];(t47 (t38 ((t6 t11)[165.] ((t40 (t14 (t12 ((t48 t13)[28.] ((t16 (t15 (t45
 t35)[26.])[44.])[56.] (t37 ((t2 t1)[63.] (t29 (t28 (t27 (t26 t25)[53.]
)[118.])[238.])[301.])[432.])[508.])[600.])[674.])[714.])[739.])[788.] (t33
 ((t20 t18)[60.] (t30 (t19 (((t9 (t8 t36)[21.])[45.] (t32 (t3 ((t49 t46)[60.]
 (t4 (t5 (t7 t34)[213.])[228.])[270.])[360.])[454.])[503.])[574.] (t41 ((t44
 t43)[17.] ((t24 t21)[24.] ((t23 t22)[12.] (t31 (t42 (t17 (t39 t10)[81.]
)[108.])[122.])[162.])[186.])[221.])[254.])[273.])[879.])[916.])[974.]
)[1086.])[1152.])[1979.])[2210.])[2260.])[2272.];((t41 (t19 (t30 (t20 t18)[60.])[147.])[191.])[212.] ((t23 (t44 t31)[26.]
)[44.] (((t43 t22)[18.] (t42 t17)[19.])[75.] ((t24 t21)[24.] ((((t35
 t16)[14.] (t45 t15)[36.])[56.] (t37 ((t39 (t48 t13)[28.])[89.] (t12 (t14
 (t40 (t33 ((t47 t38)[23.] (t6 t11)[165.])[257.])[338.])[373.])[419.])[454.]
)[574.])[626.])[728.] ((t36 t10)[56.] (t8 (t9 (((t4 (t49 t46)[60.])[110.] (t5
 (t7 t34)[213.])[228.])[361.] (t32 (t3 ((t2 t1)[63.] (t29 (t28 (t27 (t26
 t25)[53.])[118.])[238.])[301.])[432.])[518.])[582.])[985.])[1015.])[1032.]
)[1106.])[1865.])[1917.])[2000.])[2048.])[2268.];(t45 (t15 ((t35 t16)[14.] ((t36 (t8 (t9 (((t4 (t49 t46)[60.])[110.] (t5 (t7
 t34)[213.])[228.])[361.] (t32 (t3 ((t29 t28)[129.] ((t2 t1)[63.] (t27 (t26
 t25)[53.])[118.])[269.])[435.])[519.])[584.])[987.])[1016.])[1035.])[1056.]
 (((t10 (t39 (t42 t17)[19.])[81.])[122.] ((t48 t13)[28.] (t37 (t14 t12)[44.]
)[100.])[154.])[337.] ((t24 t21)[24.] (t23 ((t22 (t31 (t44 t43)[17.])[42.]
)[57.] (t41 (t19 (t30 ((t20 t18)[60.] (t33 (t40 ((t47 t38)[23.] (t6
 t11)[165.])[257.])[322.])[373.])[497.])[561.])[605.])[626.])[700.])[708.]
)[742.])[1103.])[2188.])[2238.])[2256.])[2280.];(t18 (t20 ((t33 (t40 ((t47 t38)[23.] (t6 t11)[165.])[257.])[322.])[373.] (t30
 (t19 ((t2 t1)[63.] ((t15 (t45 t35)[26.])[44.] ((t16 (t37 ((t14 t12)[44.]
 (t39 (t48 t13)[28.])[89.])[162.])[213.])[262.] (((t24 t21)[24.] (t23 ((t31
 (t42 t17)[19.])[59.] (t22 (t41 (t44 t43)[17.])[43.])[52.])[127.])[134.]
)[168.] (t10 (t36 (t8 (t9 (t32 ((t3 (t29 (t28 (t27 (t26 t25)[53.])[118.]
)[238.])[301.])[392.] ((t49 t46)[60.] (t4 (t5 (t7 t34)[213.])[228.])[270.]
)[360.])[809.])[862.])[893.])[910.])[931.])[984.])[1190.])[1473.])[1535.]
)[1656.])[1702.])[1767.])[2190.])[2265.])[2287.];(t42 (t17 (t31 ((t23 (t24 t21)[24.])[38.] ((t41 (t19 (t30 (t20 t18)[60.]
)[147.])[191.])[212.] ((t22 (t44 t43)[17.])[31.] ((t10 (t36 (t8 (t9 t32)[61.]
)[73.])[94.])[147.] (((t34 (t7 t5)[19.])[226.] (t4 (t46 (t6 t49)[144.])[199.]
)[248.])[506.] ((t37 ((t14 t12)[44.] ((t48 t13)[28.] (t39 ((t47 t38)[23.]
 (t33 (t40 t11)[107.])[161.])[234.])[316.])[373.])[446.])[497.] ((t16 (t15
 (t45 t35)[26.])[44.])[56.] ((t2 t1)[63.] (t3 (t29 (t28 (t27 (t26 t25)[53.]
)[118.])[238.])[301.])[392.])[516.])[620.])[1159.])[1709.])[1885.])[1945.]
)[2171.])[2214.])[2238.])[2280.])[2280.];(t38 (t47 (t11 ((t20 t18)[60.] (t33 (t30 ((t3 (t29 (t28 (t27 (t26 t25)[53.]
)[118.])[238.])[301.])[392.] ((t4 ((t46 (t6 t49)[144.])[199.] (t7 (t5
 t34)[215.])[228.])[473.])[502.] ((t32 (t9 (t8 t36)[21.])[45.])[94.] (((t48
 t13)[28.] (t37 (t12 (t40 t14)[54.])[85.])[145.])[199.] (t21 ((t24 ((t42
 t17)[19.] (t39 t10)[81.])[122.])[165.] ((t31 t23)[27.] ((t44 t43)[17.] (t22
 (t41 (t19 ((t2 t1)[63.] (t16 (t15 (t45 t35)[26.])[44.])[56.])[181.])[228.]
)[254.])[271.])[302.])[336.])[509.])[529.])[773.])[908.])[1444.])[1886.]
)[1940.])[2016.])[2129.])[2236.])[2277.])[2297.];(((t29 t28)[129.] ((t2 t1)[63.] (t27 (t26 t25)[53.])[118.])[269.])[435.] (t3
 ((t32 (t9 (t8 t36)[21.])[45.])[94.] (((t49 t46)[60.] (t4 (t5 (t7 t34)[213.]
)[228.])[270.])[360.] ((t16 (t35 (t45 t15)[36.])[44.])[56.] (t37 ((t12 (t14
 (t40 (t33 ((t47 t38)[23.] (t6 t11)[165.])[257.])[338.])[373.])[419.])[454.]
 ((t48 t13)[28.] (t39 (t10 ((t42 t17)[19.] ((t24 t21)[24.] ((t23 (t31 (t22
 (t44 t43)[17.])[31.])[57.])[64.] (t41 (t19 (t30 (t20 t18)[60.])[147.])[191.]
)[212.])[293.])[328.])[384.])[434.])[485.])[555.])[1041.])[1090.])[1191.]
)[1598.])[1716.])[1802.])[2266.];(t23 (((t44 t43)[17.] (t22 (t19 (t41 ((t30 (t20 t18)[60.])[147.] ((t9 (t8
 t36)[21.])[45.] (t32 (t3 ((t5 (t7 t34)[213.])[228.] (t4 (t46 (t6 t49)[144.]
)[199.])[248.])[499.])[590.])[641.])[712.])[896.])[916.])[956.])[973.]
)[1004.] ((t31 (t42 (t17 (t39 t10)[81.])[108.])[122.])[162.] (t24 (t21 (((t2
 t1)[63.] (t16 (t15 (t45 t35)[26.])[44.])[56.])[181.] (t37 ((t48 t13)[28.]
 (t12 (t14 (t40 ((t11 (t47 t38)[23.])[123.] (t33 ((t29 t28)[129.] (t27 (t26
 t25)[53.])[118.])[301.])[386.])[558.])[596.])[639.])[674.])[742.])[787.]
)[1003.])[1047.])[1061.])[1243.])[2251.])[2256.];(((t49 t46)[60.] (t33 (t6 (t20 t18)[60.])[204.])[284.])[1956.] ((t4 (t5 (t7
 t34)[213.])[228.])[270.] ((t32 (t9 (t8 (t36 t10)[56.])[74.])[98.])[147.]
 ((t30 (t3 ((t2 t1)[63.] (t29 (t28 (t27 (t26 t25)[53.])[118.])[238.])[301.]
)[432.])[518.])[583.] (t19 (t41 ((t22 (t44 t43)[17.])[31.] ((t31 (t42
 t17)[19.])[59.] ((t23 (t24 t21)[24.])[38.] ((t15 (t16 (t45 t35)[26.])[41.]
)[56.] (t37 ((t39 (t48 t13)[28.])[89.] (t12 (t14 (t40 (t11 (t47 t38)[23.]
)[123.])[177.])[221.])[255.])[376.])[427.])[530.])[596.])[670.])[709.])[724.]
)[767.])[1380.])[1560.])[1861.])[2272.];((t32 (t3 t29)[112.])[2127.] (((t5 (t7 t34)[213.])[228.] (t4 ((t46 (t6
 t49)[144.])[199.] ((t12 (t37 (t48 t13)[28.])[94.])[125.] (t14 (t40 ((t11
 (t47 t38)[23.])[123.] (t33 (t28 (t27 (t26 t25)[53.])[118.])[238.])[322.]
)[495.])[533.])[576.])[725.])[981.])[1014.])[1273.] ((t9 (t8 t36)[21.])[45.]
 ((t30 (t20 t18)[60.])[147.] ((t19 ((t2 t1)[63.] (t16 (t15 (t45 t35)[26.]
)[44.])[56.])[181.])[228.] (t41 (t43 (t22 ((t42 (t17 (t39 t10)[81.])[108.]
)[122.] ((t24 t21)[24.] (t23 (t44 t31)[26.])[44.])[80.])[238.])[247.])[261.]
)[277.])[526.])[698.])[782.])[2080.])[2268.];((t46 (t49 (t6 (t33 (t40 (t11 (t47 t38)[23.])[123.])[177.])[237.])[385.]
)[416.])[470.] ((t4 (t5 (t7 t34)[213.])[228.])[270.] ((t3 (t29 (t28 (t27 (t26
 t25)[53.])[118.])[238.])[301.])[392.] (t32 ((t9 (t8 t36)[21.])[45.] (((t15
 (t16 (t45 t35)[26.])[41.])[56.] ((t2 t1)[63.] (t37 ((t48 t13)[28.] (t14
 t12)[44.])[108.])[154.])[285.])[369.] ((t31 (t42 (t17 (t39 t10)[81.])[108.]
)[122.])[162.] ((t44 t43)[17.] ((t24 t21)[24.] (t23 (t22 (t41 (t19 (t30 (t20
 t18)[60.])[147.])[191.])[212.])[227.])[237.])[271.])[305.])[479.])[884.]
)[969.])[1016.])[1453.])[771.])[2253.];(t13 (t48 (t39 ((t14 t12)[44.] (t37 (((t36 t10)[56.] (t8 (t9 t32)[61.])[73.]
)[147.] ((t4 ((t7 (t5 t34)[215.])[228.] (t46 (t49 (t33 (t6 ((t20 t18)[60.]
 (t40 (t11 (t47 t38)[23.])[123.])[177.])[310.])[444.])[512.])[558.])[609.]
)[884.])[915.] (((t16 (t15 (t45 t35)[26.])[44.])[56.] ((t2 t1)[63.] ((t29
 t28)[129.] (t3 (t27 (t26 t25)[53.])[118.])[226.])[397.])[525.])[633.] ((t41
 (t30 t19)[82.])[99.] ((t22 (t44 t43)[17.])[31.] ((t23 (t24 t21)[24.])[38.]
 (t31 (t42 t17)[19.])[59.])[112.])[150.])[1073741823.])[1073742493.]
)[1073743445.])[1073743622.])[1073743693.])[1073743761.])[1073743837.]
)[1073743863.])[2318.];(t35 (t45 (t15 (t16 ((t2 t1)[63.] ((t21 (t24 ((t22 (t31 t23)[27.])[34.] ((t41
 t19)[46.] (t43 (t44 t30)[67.])[78.])[148.])[191.])[205.])[1073741823.] ((t10
 (t39 (t42 t17)[19.])[81.])[122.] (((t48 t13)[28.] (t37 (t14 t12)[44.])[100.]
)[154.] (((t9 (t8 t36)[21.])[45.] (t32 (t3 ((t29 t28)[129.] (t27 (t26
 t25)[53.])[118.])[301.])[401.])[467.])[541.] ((t4 (t5 (t7 t34)[213.])[228.]
)[270.] (t46 (t49 ((t6 (t20 t18)[60.])[204.] (t33 (t40 (t11 (t47 t38)[23.]
)[123.])[177.])[237.])[510.])[552.])[604.])[904.])[1480.])[1687.])[1857.]
)[1073743705.])[1073743845.])[1073743863.])[1073743882.])[1073743906.]
)[2316.];(t3 (((t29 t28)[129.] (t27 (t26 t25)[53.])[118.])[301.] ((t32 (((t2 t1)[63.]
 (t16 (t15 (t45 t35)[26.])[44.])[56.])[181.] (t30 (t19 ((t20 t18)[60.] (t41
 (t22 ((t24 t21)[24.] (t23 (t31 (t44 t43)[17.])[42.])[59.])[95.])[100.]
)[120.])[239.])[274.])[1073741823.])[1073742042.])[1073742101.] ((t49 (t46
 (t4 (t5 (t7 t34)[213.])[228.])[270.])[325.])[359.] (((t40 t33)[74.] ((t47
 t38)[23.] (t6 t11)[165.])[257.])[372.] (t14 ((t48 t13)[28.] ((t37 t12)[71.]
 (t39 ((t42 t17)[19.] (t10 (t36 (t9 t8)[24.])[45.])[98.])[159.])[208.])[328.]
)[377.])[423.])[836.])[1241.])[1073743378.])[1073743745.])[2328.];((((t4 (t49 t46)[60.])[110.] (t5 (t7 t34)[213.])[228.])[361.] (t32 (t3 ((t2
 t1)[63.] (t29 (t28 (t27 (t26 t25)[53.])[118.])[238.])[301.])[432.])[518.]
)[582.])[1866.] ((t9 (t8 t36)[21.])[45.] (t30 ((t41 (t19 ((t20 t18)[60.] (t33
 (t40 ((t47 t38)[23.] (t6 t11)[165.])[257.])[322.])[373.])[497.])[549.]
)[574.] ((t31 (t42 (t17 (t39 t10)[81.])[108.])[122.])[162.] ((t23 (t22 (t44
 t43)[17.])[31.])[43.] (t24 (t21 ((t16 (t15 (t45 t35)[26.])[44.])[56.] (t37
 ((t48 t13)[28.] (t14 t12)[44.])[108.])[154.])[255.])[293.])[309.])[362.]
)[536.])[1124.])[1185.])[1263.])[2250.];(t32 (((t3 (t29 (t28 (t27 (t26 t25)[53.])[118.])[238.])[301.])[392.] ((t46
 (t49 (t6 t11)[165.])[239.])[291.] (t4 (t33 (t5 (t7 t34)[213.])[228.])[292.]
)[332.])[651.])[1101.] ((t9 (t8 (t36 t10)[56.])[74.])[98.] ((t30 (t20
 t18)[60.])[147.] ((t19 ((t2 t1)[63.] (t16 (t15 (t45 t35)[26.])[44.])[56.]
)[181.])[228.] (t41 ((t31 (t42 t17)[19.])[59.] ((t23 (t22 (t44 t43)[17.]
)[31.])[43.] (t24 (t21 ((t37 (t12 (t40 t14)[54.])[85.])[145.] ((t48 t13)[28.]
 (t39 (t47 t38)[23.])[125.])[181.])[350.])[400.])[415.])[468.])[541.])[561.]
)[808.])[981.])[1118.])[2239.])[2281.];((t19 ((t2 t1)[63.] (t16 (t15 (t45 t35)[26.])[44.])[56.])[181.])[228.] (t41
 (((t44 t43)[17.] (t22 ((t31 t23)[27.] (t24 t21)[24.])[63.])[68.])[99.] ((t30
 (t20 t18)[60.])[147.] (((t9 (t8 t36)[21.])[45.] (t32 (t3 (t29 (t28 (t27 (t26
 t25)[53.])[118.])[238.])[301.])[392.])[461.])[537.] ((t4 (t5 (t7 t34)[213.]
)[228.])[270.] (((t33 (t6 t49)[144.])[202.] (t40 (t11 (t47 t38)[23.])[123.]
)[177.])[416.] ((t46 (t39 (t10 (t42 t17)[19.])[76.])[122.])[182.] ((t48
 t13)[28.] (t14 (t37 t12)[71.])[100.])[162.])[378.])[846.])[1153.])[1715.]
)[1897.])[2015.])[2030.])[2277.];(t2 (t1 ((t16 (t15 (t45 t35)[26.])[44.])[56.] (t19 ((t41 ((t44 t43)[17.] (t22
 ((t31 (t42 t17)[19.])[59.] (t23 (t24 (t21 ((t39 (t48 t13)[28.])[89.] (t37
 (t12 (t14 (t40 (t11 (t47 t38)[23.])[123.])[177.])[221.])[255.])[314.])[427.]
)[477.])[492.])[506.])[580.])[587.])[618.])[636.] ((t30 (t20 t18)[60.])[147.]
 ((t4 ((t46 (t6 t49)[144.])[199.] (t33 (t5 (t7 t34)[213.])[228.])[292.]
)[526.])[558.] ((t9 (t8 (t36 t10)[56.])[74.])[98.] (t32 (t3 (t29 (t28 (t27
 (t26 t25)[53.])[118.])[238.])[301.])[392.])[461.])[590.])[1181.])[1365.]
)[2018.])[2060.])[2159.])[2242.])[2261.];((t22 (t44 t43)[17.])[2229.] (t23 ((t24 (t21 ((t45 (t15 (t35 t16)[14.])[31.]
)[56.] (t37 ((t48 t13)[28.] (t12 (t14 (t40 ((t11 (t47 t38)[23.])[123.] (t33
 ((t29 t28)[129.] (t27 (t26 t25)[53.])[118.])[301.])[386.])[558.])[596.]
)[639.])[674.])[742.])[787.])[892.])[926.])[942.] ((t31 (t42 (t17 (t39
 t10)[81.])[108.])[122.])[162.] ((t19 (t2 t1)[63.])[135.] (t41 ((t30 (t20
 t18)[60.])[147.] ((t9 (t8 t36)[21.])[45.] (t32 (t3 ((t46 (t6 t49)[144.]
)[199.] (t4 (t5 (t7 t34)[213.])[228.])[270.])[498.])[593.])[641.])[712.]
)[896.])[916.])[1077.])[1264.])[2215.])[2223.])[2259.];(t38 (t47 (t11 ((t33 (t6 (t49 t46)[60.])[199.])[256.] (t40 (t14 (t12 ((t48
 t13)[28.] (t37 ((t15 (t16 (t45 t35)[26.])[41.])[56.] (((t2 t1)[63.] (t3 (t29
 (t28 (t27 (t26 t25)[53.])[118.])[238.])[301.])[392.])[516.] (((t32 (t9 (t8
 t36)[21.])[45.])[94.] (t30 (t4 (t5 (t7 t34)[213.])[228.])[270.])[334.]
)[458.] (t41 ((t19 (t20 t18)[60.])[134.] ((t44 t43)[17.] (t22 ((t24 t21)[24.]
 (t23 (t31 (t42 (t17 (t39 t10)[81.])[108.])[122.])[162.])[178.])[214.])[221.]
)[252.])[411.])[423.])[905.])[1469.])[1561.])[1624.])[1688.])[1727.])[1752.]
)[1801.])[2099.])[2197.])[2242.])[2259.];(t35 ((t45 t15)[36.] (t16 (((t37 t12)[71.] (((t3 t29)[112.] (t2 t1)[63.]
)[225.] ((t48 t13)[28.] (t14 (t40 (((t47 t38)[23.] (t6 t11)[165.])[257.] (t33
 (t28 (t27 (t26 t25)[53.])[118.])[238.])[322.])[633.])[675.])[718.])[796.]
)[1077.])[1173.] (((t49 t46)[60.] (t4 (t5 (t7 t34)[213.])[228.])[270.])[360.]
 ((t36 (t8 (t9 t32)[61.])[73.])[1073741823.] ((t22 (t31 (t44 t43)[17.])[42.]
)[57.] ((t24 t21)[24.] ((t42 (t17 (t39 t10)[81.])[108.])[122.] (t23 (t41 (t19
 (t30 (t20 t18)[60.])[147.])[191.])[212.])[233.])[392.])[425.])[489.]
)[1073742358.])[1073742757.])[1073743964.])[1073744000.])[1073744044.]
)[2323.];(t14 ((t12 (t37 (t48 t13)[28.])[94.])[125.] (((t40 t33)[74.] ((t47 t38)[23.]
 (t6 t11)[165.])[257.])[372.] ((t49 t46)[60.] (t4 ((t5 (t7 t34)[213.])[228.]
 (t9 ((t32 (t8 t36)[21.])[80.] (((t16 (t15 (t45 t35)[26.])[44.])[56.] ((t2
 t1)[63.] (t3 (t29 (t28 (t27 (t26 t25)[53.])[118.])[238.])[301.])[392.]
)[516.])[620.] ((t41 (t19 (t30 (t20 t18)[60.])[147.])[191.])[212.] ((t31 (t42
 (t17 (t39 t10)[81.])[108.])[122.])[162.] ((t24 t21)[24.] (t23 (t22 (t44
 t43)[17.])[31.])[43.])[77.])[252.])[479.])[1137.])[1238.])[1264.])[1532.]
)[1565.])[1657.])[2096.])[2255.])[2265.];((t1 t2)[63.] ((t29 (t28 (t27 (t26 t25)[53.])[118.])[238.])[301.] (t3 ((t32
 ((t9 (t8 t36)[21.])[45.] (t4 (t5 (t7 t34)[213.])[228.])[270.])[351.])[396.]
 (((t31 (t42 (t17 (t39 t10)[81.])[108.])[122.])[162.] ((t24 t21)[24.] (t23
 ((t22 (t44 t43)[17.])[31.] (t41 (t19 (t30 (t20 t18)[60.])[147.])[191.]
)[212.])[258.])[270.])[304.])[479.] ((t16 (t35 (t45 t15)[36.])[44.])[56.]
 (((t48 t13)[28.] (t37 (t14 t12)[44.])[100.])[154.] (t46 (t49 (t6 (t33 (t40
 (t11 (t47 t38)[23.])[123.])[177.])[237.])[385.])[416.])[470.])[680.])[774.]
)[1283.])[1713.])[1797.])[2150.])[2262.];((t11 (t47 t38)[23.])[123.] (t40 (t33 (t6 (t49 (t46 ((t4 (t5 (t7 t34)[213.]
)[228.])[270.] ((t3 (t29 (t28 (t27 (t26 t25)[53.])[118.])[238.])[301.])[392.]
 ((t9 (t8 (t36 t10)[56.])[74.])[98.] (t32 ((t19 (t30 (t20 t18)[60.])[147.]
)[191.] (t41 ((t22 (t44 t43)[17.])[31.] (t24 ((t31 (t42 t17)[19.])[59.] (t23
 (t21 ((t16 (t15 (t45 t35)[26.])[44.])[56.] ((t2 t1)[63.] (t37 ((t14
 t12)[44.] (t39 (t48 t13)[28.])[89.])[162.])[213.])[341.])[427.])[469.]
)[486.])[559.])[574.])[610.])[628.])[837.])[899.])[1021.])[1466.])[1765.]
)[1822.])[1855.])[1993.])[2053.])[2101.])[2262.];((t28 (t27 (t26 t25)[53.])[118.])[238.] (t29 ((t2 t1)[63.] ((t15 (t16 (t45
 t35)[26.])[41.])[56.] ((t37 ((t14 t12)[44.] (t39 (t48 t13)[28.])[89.])[162.]
)[213.] (((t24 t21)[24.] ((t31 (t42 t17)[19.])[59.] (t23 (t22 ((t44 t43)[17.]
 (t41 (t19 (t30 (t20 t18)[60.])[147.])[191.])[212.])[253.])[260.])[270.]
)[342.])[377.] (t10 (t36 (t8 (t9 ((t32 t3)[112.] (t34 ((t7 t5)[19.] (t4 (t46
 (t49 (t6 (t33 (t40 (t11 (t47 t38)[23.])[123.])[177.])[237.])[385.])[416.]
)[470.])[521.])[563.])[777.])[926.])[961.])[976.])[997.])[1050.])[1464.]
)[1711.])[1797.])[1916.])[301.])[2269.];(((t16 (t15 (t45 t35)[26.])[44.])[56.] (t37 ((t48 t13)[28.] (t14 t12)[44.]
)[108.])[154.])[2185.] (t21 (t24 ((t23 (t22 (t44 t43)[17.])[31.])[43.] ((t31
 (t42 (t17 (t39 t10)[81.])[108.])[122.])[162.] (t41 ((t19 ((t20 t18)[60.]
 (t33 (t40 ((t47 t38)[23.] (t6 t11)[165.])[257.])[322.])[373.])[497.])[549.]
 ((t30 (t3 ((t2 t1)[63.] (t29 (t28 (t27 (t26 t25)[53.])[118.])[238.])[301.]
)[432.])[518.])[583.] ((t9 (t8 t36)[21.])[45.] (t32 ((t5 t4)[42.] ((t49
 t46)[60.] (t7 t34)[213.])[321.])[376.])[444.])[508.])[1127.])[1704.])[1722.]
)[1909.])[1955.])[1970.])[1988.])[2268.];((t19 (t30 (t20 t18)[60.])[147.])[191.] (t41 ((t22 (t44 t43)[17.])[31.] (t23
 ((t31 (t42 t17)[19.])[59.] ((t24 t21)[24.] (((t2 t1)[63.] (t16 (t15 (t45
 t35)[26.])[44.])[56.])[181.] (t10 (t36 (t8 (t9 ((t32 (t3 (t29 (t28 (t27 (t26
 t25)[53.])[118.])[238.])[301.])[392.])[461.] ((t5 (t7 t34)[213.])[228.] ((t4
 (t49 t46)[60.])[110.] (((t37 t12)[71.] (t39 (t48 t13)[28.])[89.])[184.] (t14
 ((t40 t33)[74.] ((t47 t38)[23.] (t6 t11)[165.])[257.])[372.])[429.])[642.]
)[782.])[1049.])[1546.])[1576.])[1591.])[1612.])[1665.])[1886.])[1933.]
)[2010.])[2019.])[2056.])[2074.])[2273.];((t11 (t47 t38)[23.])[2180.] (t40 (t33 (t6 (t49 (t46 ((t4 (t5 (t7 t34)[213.]
)[228.])[270.] (((t14 t12)[44.] (t39 (t48 t13)[28.])[89.])[162.] (((t37 (t2
 t1)[63.])[148.] (t16 (t15 (t45 t35)[26.])[44.])[56.])[233.] ((t10 (t36 (t8
 (t9 (t32 (t3 (t29 (t28 (t27 (t26 t25)[53.])[118.])[238.])[301.])[392.]
)[461.])[501.])[516.])[537.])[590.] ((t24 t21)[24.] ((t31 (t42 t17)[19.]
)[59.] (t23 ((t44 t43)[17.] (t22 (t41 (t19 (t30 (t20 t18)[60.])[147.])[191.]
)[212.])[227.])[258.])[270.])[342.])[377.])[1004.])[1261.])[1461.])[1775.]
)[1816.])[1857.])[1996.])[2053.])[2100.])[2260.];(((t14 (t12 (t37 (t48 t13)[28.])[94.])[125.])[154.] ((t40 t33)[74.] (t11 (t47
 t38)[23.])[123.])[235.])[2085.] ((t3 (t29 (t28 (t27 (t26 t25)[53.])[118.]
)[238.])[301.])[392.] (((t46 (t6 t49)[144.])[199.] (t4 (t5 (t7 t34)[213.]
)[228.])[270.])[498.] ((t32 (t9 (t8 t36)[21.])[45.])[94.] ((t30 (t20
 t18)[60.])[147.] ((t19 ((t2 t1)[63.] (t16 (t15 (t45 t35)[26.])[44.])[56.]
)[181.])[228.] (t41 ((t44 t43)[17.] (t22 ((t23 (t24 t21)[24.])[38.] (t31 (t42
 (t17 (t39 t10)[81.])[108.])[122.])[162.])[214.])[221.])[252.])[270.])[519.]
)[691.])[818.])[1352.])[1792.])[2257.];((t19 ((t9 (t8 t36)[21.])[45.] (t32 ((t3 (t29 (t28 (t27 (t26 t25)[53.])[118.]
)[238.])[301.])[392.] ((t49 t46)[60.] (t4 (t5 (t7 t34)[213.])[228.])[270.]
)[360.])[809.])[862.])[931.])[1303.] ((t41 (t30 (t20 t18)[60.])[147.])[176.]
 ((t44 t43)[17.] (((t23 t22)[12.] (t31 (t42 (t17 (t39 t10)[81.])[108.])[122.]
)[162.])[186.] (t24 (t21 (((t2 t1)[63.] (t16 (t15 (t45 t35)[26.])[44.])[56.]
)[181.] (t37 ((t48 t13)[28.] (t12 (t14 (t40 (t33 ((t47 t38)[23.] (t6
 t11)[165.])[257.])[338.])[373.])[419.])[454.])[522.])[567.])[783.])[827.]
)[841.])[1037.])[1070.])[1260.])[2258.];((t38 t11)[107.] (t47 (t40 (t33 (t6 (t49 (t46 ((t4 (t5 (t7 t34)[213.])[228.]
)[270.] (((t39 (t48 t13)[28.])[89.] (t37 (t14 t12)[44.])[100.])[213.] ((t10
 (t36 (t8 (t9 t32)[61.])[73.])[94.])[147.] ((((t35 t16)[14.] (t45 t15)[36.]
)[56.] ((t2 t1)[63.] (t3 (t29 (t28 (t27 (t26 t25)[53.])[118.])[238.])[301.]
)[392.])[516.])[622.] ((t24 t21)[24.] (t23 ((t31 (t42 t17)[19.])[59.] ((t22
 (t44 t43)[17.])[31.] (t41 (t19 (t30 (t20 t18)[60.])[147.])[191.])[212.]
)[258.])[333.])[342.])[376.])[1035.])[1207.])[1459.])[1774.])[1816.])[1857.]
)[1996.])[2053.])[2100.])[2160.])[2281.];((t3 ((t29 t28)[129.] ((t2 t1)[63.] (t27 (t26 t25)[53.])[118.])[269.])[435.]
)[519.] (t32 ((t9 (t8 (t36 t10)[56.])[74.])[98.] ((t4 ((t49 t46)[60.] (t33
 (t5 (t7 t34)[213.])[228.])[292.])[387.])[420.] ((t41 (t19 (t30 (t18 (t20 (t6
 t11)[165.])[247.])[295.])[379.])[421.])[442.] ((t23 ((t22 (t44 t43)[17.]
)[31.] (t31 (t42 t17)[19.])[59.])[106.])[115.] (t24 (t21 ((t16 (t15 (t45
 t35)[26.])[44.])[56.] (t37 ((t12 (t40 t14)[54.])[85.] ((t48 t13)[28.] (t39
 (t47 t38)[23.])[125.])[181.])[301.])[350.])[453.])[489.])[506.])[631.]
)[1088.])[1556.])[1678.])[1726.])[2277.];(t23 ((t31 (t42 t17)[19.])[59.] ((t44 t43)[17.] ((t22 (t41 (t19 (t30 (t20
 t18)[60.])[147.])[191.])[212.])[227.] ((t24 t21)[24.] (((t36 t10)[56.] (t8
 (t9 (t32 ((t3 (t29 (t28 (t27 (t26 t25)[53.])[118.])[238.])[301.])[392.]
 ((t49 t46)[60.] (t4 (t5 (t7 t34)[213.])[228.])[270.])[360.])[809.])[862.]
)[893.])[910.])[984.] ((t16 (t15 (t45 t35)[26.])[44.])[56.] ((t2 t1)[63.]
 (t37 ((t39 (t48 t13)[28.])[89.] (t12 (t14 (t40 (t33 ((t47 t38)[23.] (t6
 t11)[165.])[257.])[338.])[373.])[419.])[454.])[574.])[626.])[754.])[840.]
)[1863.])[1913.])[2150.])[2181.])[2255.])[2257.];(t25 (t26 (t27 (t28 (t29 ((t2 t1)[63.] ((t16 (t15 (t45 t35)[26.])[44.])[56.]
 ((t19 ((t41 (t30 (t20 t18)[60.])[147.])[176.] ((t31 (t42 t17)[19.])[59.]
 ((t24 t21)[24.] (t23 (t22 (t44 t43)[17.])[31.])[43.])[77.])[150.])[342.]
)[384.] ((t3 (t32 ((t9 t8)[24.] (t36 t10)[56.])[98.])[149.])[234.] (((t49
 t46)[60.] (t4 (t5 (t7 t34)[213.])[228.])[270.])[360.] ((t12 (t37 (t39 (t48
 t13)[28.])[89.])[153.])[184.] (t14 (t40 (t33 ((t47 t38)[23.] (t6 t11)[165.]
)[257.])[338.])[373.])[419.])[627.])[1037.])[1299.])[1712.])[1808.])[1914.]
)[1986.])[2091.])[2180.])[2242.])[2269.];(((t5 (t7 t34)[213.])[228.] (t4 (t46 (t49 (t6 t33)[171.])[203.])[257.])[307.]
)[2009.] ((t32 ((t9 (t8 t36)[21.])[45.] (t29 (t28 (t27 (t26 t25)[53.])[118.]
)[238.])[301.])[413.])[455.] ((t30 (t3 (t2 t1)[63.])[170.])[237.] ((t41 (t19
 (t20 t18)[60.])[134.])[157.] ((t31 (t42 (t17 (t39 t10)[81.])[108.])[122.]
)[162.] ((t23 (t22 (t44 t43)[17.])[31.])[43.] (t24 (t21 ((t15 (t16 (t45
 t35)[26.])[41.])[56.] (t37 ((t48 t13)[28.] (t12 (t14 (t40 (t11 (t47
 t38)[23.])[123.])[177.])[221.])[255.])[324.])[368.])[473.])[507.])[523.]
)[576.])[750.])[921.])[1188.])[1674.])[2259.];((t7 t34)[2261.] (t5 (t4 ((t49 t46)[60.] (((t9 (t8 t36)[21.])[45.] (t32 ((t16
 (t15 (t45 t35)[26.])[44.])[56.] ((t29 t28)[129.] ((t2 t1)[63.] (t3 (t27 (t26
 t25)[53.])[118.])[226.])[348.])[520.])[627.])[693.])[760.] (t30 (t41 (((t31
 (t42 (t17 (t39 t10)[81.])[108.])[122.])[162.] ((t44 t43)[17.] (t22 (t23 (t24
 t21)[24.])[38.])[46.])[77.])[253.] (t19 ((t20 t18)[60.] (t33 (((t47
 t38)[23.] (t6 t11)[165.])[257.] (t40 (t14 (t12 (t37 (t48 t13)[28.])[94.]
)[125.])[154.])[200.])[516.])[569.])[692.])[743.])[1023.])[1034.])[1093.]
)[1883.])[1989.])[2019.])[2046.])[2269.];(t18 (t20 ((t33 (t40 ((t47 t38)[23.] (t6 t11)[165.])[257.])[322.])[373.] (t30
 (t19 ((t41 ((t44 t43)[17.] (t22 (t23 ((t24 t21)[24.] (t31 (t42 (t17 (t39
 t10)[81.])[108.])[122.])[162.])[207.])[214.])[221.])[252.])[270.] (((t9 (t8
 t36)[21.])[45.] (t32 ((t4 (t49 t46)[60.])[110.] (t5 (t7 t34)[213.])[228.]
)[361.])[429.])[493.] ((t2 (t1 (t3 (t29 (t28 (t27 (t26 t25)[53.])[118.]
)[238.])[301.])[392.])[483.])[516.] ((t15 (t16 (t45 t35)[26.])[41.])[56.]
 (t37 ((t48 t13)[28.] (t14 t12)[44.])[108.])[154.])[257.])[824.])[1367.]
)[1654.])[1693.])[1749.])[2173.])[2248.])[2267.];