Tree with cost 3253
  |--------------------------------------t1   
  |                                           
  |   |----------------------------------t28  
  |   |                                       
  |   |     |----------------------------t46  
  |   |   |-|                                 
  |   |   | |----------------------------t49  
  |   |   |                                   
  |   |   |   |--------------------------t34  
  |   |   | |-|                               
  |   |   | | |--------------------------t7   
  |   | |-| |                                 
  |   | | | | |--------------------------t4   
  |   | | |-| |                               
  |   | |   | | |------------------------t5   
  |   | |   |-| |                             
  |   | |     |-| |----------------------t2   
  |   | |       |-|                           
  |   | |         |----------------------t3   
  |   | |                                     
  |   | |     |--------------------------t11  
  |   | |     |                               
  |   | |   |-| |------------------------t12  
  |   | |   | |-|                             
  | |-| |   |   |------------------------t40  
  | | | |   |                                 
  | | | | |-| |--------------------------t47  
  | | | | | | |                               
  | | |-| | |-| |------------------------t13  
  | |   | |   |-|                             
  | |   | |     |------------------------t48  
  | |   | |                                   
  | |   | |   |--------------------------t8   
  | |   | |   |                               
  | |   | | |-| |------------------------t10  
  | |   | | | |-|                             
  | |   |-| |   |------------------------t9   
  | |     | |                                 
  | |     | | |--------------------------t17  
  | |     | | |                               
  | |     |-| | |------------------------t23  
  | |       | | |                             
  | |       |-| | |----------------------t44  
  | |         |-| |                           
  | |           |-| |--------------------t22  
  | |             |-|                         
  | |               |--------------------t24  
  | |                                         
--| |   |--------------------------------t15  
  | | |-|                                     
  | | | |--------------------------------t16  
  | | |                                       
  | | |   |------------------------------t29  
  | | | |-|                                   
  | | | | |------------------------------t35  
  | | | |                                     
  | | | | |------------------------------t45  
  | | | | |                                   
  | | | | |     |------------------------t37  
  | | | | |   |-|                             
  |-| | | |   | |------------------------t6   
    | | | |   |                               
    | | | |   | |------------------------t33  
    | | | | |-| |                             
    | | | | | | | |----------------------t14  
    | | | | | |-| |                           
    | | | | |   |-| |--------------------t38  
    | | | | |     |-|                         
    | | | | |       |--------------------t39  
    | | | | |                                 
    | | | | |   |------------------------t27  
    | | | | |   |                             
    |-| | | | |-| |----------------------t25  
      | | | | | |-|                           
      |-| | | |   |----------------------t26  
        | | | |                               
        |-| | | |------------------------t36  
          | | | |                             
          | | | | |----------------------t32  
          |-| | | |                           
            | | | |   |------------------t20  
            | | | | |-|                       
            | | | | | |------------------t31  
            | | | | |                         
            |-| | | | |------------------t18  
              | | | | |                       
              |-| | | |   |--------------t43  
                |-| | |   |                   
                  |-| | |-| |------------t21  
                    | | | |-|                 
                    |-| |   |------------t30  
                      | |                     
                      |-| |--------------t19  
                        | |                   
                        |-| |------------t41  
                          |-|                 
                            |------------t42  
