Terminals Files:
  Input File: 1.fas
    Terminals Included (49)
                             t9t8t7t6t5t49t48t47t46t45t44t43t42t41t40
                             t4t39t38t37t36t35t34t33t32t31t30t3t29t28
                             t27t26t25t24t23t22t21t20t2t19t18t17t16t15
                             t14t13t12t11t10t1Terminals Excluded (0)
                                                                    Input File: 30.ss
                                                                    Terminals Included (49)
                                                                    
                                                                    t9t8
                                                                    t7t6
                                                                    t5t49
                                                                    t48
                                                                    t47
                                                                    t46
                                                                    t45
                                                                    t44
                                                                    t43
                                                                    t42
                                                                    t41
                                                                    t40
                                                                    t4t39
                                                                    t38
                                                                    t37
                                                                    t36
                                                                    t35
                                                                    t34
                                                                    t33
                                                                    t32
                                                                    t31
                                                                    t30
                                                                    t3t29
                                                                    t28
                                                                    t27
                                                                    t26
                                                                    t25
                                                                    t24
                                                                    t23
                                                                    t22
                                                                    t21
                                                                    t20
                                                                    t2t19
                                                                    t18
                                                                    t17
                                                                    t16
                                                                    t15
                                                                    t14
                                                                    t13
                                                                    t12
                                                                    t11
                                                                    t10
                                                                    t1
                                                                    Terminals Excluded (0)
                                                                    
                                                                    