Trees Found:
                                            
              Tree length    Number of hits
              3253.          1
